// Vitest Snapshot v1, https://vitest.dev/guide/snapshot.html

exports[`civic recurrence calendar exports > creates a deterministic tabular CSV export 1`] = `
"recurrenceId,title,category,year,month,date,dateStatus,verificationStatus,sourceType,sourceLabel,sourceUrl,dataLimitations
piao,Aggiornamento PIAO,administrative_planning,2026,1,2026-01-31,certain,partial,synthetic_fixture,Fonte sintetica piao,,Usare solo come fixture documentale per test. | Fixture sintetica senza dati ufficiali.
rendiconto,Rendiconto annuale,finance_budget,2026,4,2026-04-30,certain,verified,synthetic_fixture,Fonte sintetica rendiconto,,Usare solo come fixture documentale per test. | Fixture sintetica senza dati ufficiali.
bonus-affitti,Fondo affitti,social_welfare,2026,5,2026-05-15,estimated,needs_review,synthetic_fixture,Fonte sintetica bonus-affitti,,Usare solo come fixture documentale per test. | Fixture sintetica senza dati ufficiali.
disinfestazione,Programma disinfestazione,environment_civil_protection,2026,6,,not_detected,not_found_in_monitored_sources,synthetic_fixture,Fonte sintetica disinfestazione,,Usare solo come fixture documentale per test. | Fixture sintetica senza dati ufficiali.
estate-cittadina,Programma estate cittadina,culture_tourism_sport,2026,7,2026-07-10,estimated,estimated_from_history,synthetic_fixture,Fonte sintetica estate-cittadina,,"Usare solo come fixture documentale per test. | Fixture sintetica senza dati ufficiali. | Data ricavata da confronto sintetico, non ufficiale."
libri-testo,Avviso libri di testo,school_education,2026,9,,not_detected,not_found_in_monitored_sources,synthetic_fixture,Fonte sintetica libri-testo,,Usare solo come fixture documentale per test. | Fixture sintetica senza dati ufficiali. | Data non rilevata nelle fonti monitorate."
`;

exports[`civic recurrence calendar exports > creates deterministic table and calendar JSON exports 1`] = `
{
  "calendar": [
    {
      "allDay": true,
      "category": "administrative_planning",
      "dataLimitations": [
        "Usare solo come fixture documentale per test.",
        "Fixture sintetica senza dati ufficiali.",
      ],
      "dateStatus": "certain",
      "endDate": "2026-01-31",
      "month": 1,
      "source": {
        "label": "Fonte sintetica piao",
        "limitations": [
          "Usare solo come fixture documentale per test.",
          "Fixture sintetica senza dati ufficiali.",
        ],
        "type": "synthetic_fixture",
        "url": undefined,
      },
      "startDate": "2026-01-31",
      "title": "Aggiornamento PIAO",
      "uid": "piao-2026",
      "verificationStatus": "partial",
      "year": 2026,
    },
    {
      "allDay": true,
      "category": "finance_budget",
      "dataLimitations": [
        "Usare solo come fixture documentale per test.",
        "Fixture sintetica senza dati ufficiali.",
      ],
      "dateStatus": "certain",
      "endDate": "2026-04-30",
      "month": 4,
      "source": {
        "label": "Fonte sintetica rendiconto",
        "limitations": [
          "Usare solo come fixture documentale per test.",
          "Fixture sintetica senza dati ufficiali.",
        ],
        "type": "synthetic_fixture",
        "url": undefined,
      },
      "startDate": "2026-04-30",
      "title": "Rendiconto annuale",
      "uid": "rendiconto-2026",
      "verificationStatus": "verified",
      "year": 2026,
    },
    {
      "allDay": true,
      "category": "social_welfare",
      "dataLimitations": [
        "Usare solo come fixture documentale per test.",
        "Fixture sintetica senza dati ufficiali.",
      ],
      "dateStatus": "estimated",
      "endDate": "2026-05-15",
      "month": 5,
      "source": {
        "label": "Fonte sintetica bonus-affitti",
        "limitations": [
          "Usare solo come fixture documentale per test.",
          "Fixture sintetica senza dati ufficiali.",
        ],
        "type": "synthetic_fixture",
        "url": undefined,
      },
      "startDate": "2026-05-15",
      "title": "Fondo affitti",
      "uid": "bonus-affitti-2026",
      "verificationStatus": "needs_review",
      "year": 2026,
    },
    {
      "allDay": true,
      "category": "environment_civil_protection",
      "dataLimitations": [
        "Usare solo come fixture documentale per test.",
        "Fixture sintetica senza dati ufficiali.",
      ],
      "dateStatus": "not_detected",
      "endDate": null,
      "month": 6,
      "source": {
        "label": "Fonte sintetica disinfestazione",
        "limitations": [
          "Usare solo come fixture documentale per test.",
          "Fixture sintetica senza dati ufficiali.",
        ],
        "type": "synthetic_fixture",
        "url": undefined,
      },
      "startDate": null,
      "title": "Programma disinfestazione",
      "uid": "disinfestazione-2026",
      "verificationStatus": "not_found_in_monitored_sources",
      "year": 2026,
    },
    {
      "allDay": true,
      "category": "culture_tourism_sport",
      "dataLimitations": [
        "Usare solo come fixture documentale per test.",
        "Fixture sintetica senza dati ufficiali.",
        "Data ricavata da confronto sintetico, non ufficiale.",
      ],
      "dateStatus": "estimated",
      "endDate": "2026-07-10",
      "month": 7,
      "source": {
        "label": "Fonte sintetica estate-cittadina",
        "limitations": [
          "Usare solo come fixture documentale per test.",
          "Fixture sintetica senza dati ufficiali.",
          "Data ricavata da confronto sintetico, non ufficiale.",
        ],
        "type": "synthetic_fixture",
        "url": undefined,
      },
      "startDate": "2026-07-10",
      "title": "Programma estate cittadina",
      "uid": "estate-cittadina-2026",
      "verificationStatus": "estimated_from_history",
      "year": 2026,
    },
    {
      "allDay": true,
      "category": "school_education",
      "dataLimitations": [
        "Usare solo come fixture documentale per test.",
        "Fixture sintetica senza dati ufficiali.",
        "Data non rilevata nelle fonti monitorate.",
      ],
      "dateStatus": "not_detected",
      "endDate": null,
      "month": 9,
      "source": {
        "label": "Fonte sintetica libri-testo",
        "limitations": [
          "Usare solo come fixture documentale per test.",
          "Fixture sintetica senza dati ufficiali.",
          "Data non rilevata nelle fonti monitorate.",
        ],
        "type": "synthetic_fixture",
        "url": undefined,
      },
      "startDate": null,
      "title": "Avviso libri di testo",
      "uid": "libri-testo-2026",
      "verificationStatus": "not_found_in_monitored_sources",
      "year": 2026,
    },
  ],
  "schemaVersion": "civic-recurrence-calendar-export.v1",
  "table": [
    {
      "category": "administrative_planning",
      "dataLimitations": [
        "Usare solo come fixture documentale per test.",
        "Fixture sintetica senza dati ufficiali.",
      ],
      "date": "2026-01-31",
      "dateStatus": "certain",
      "month": 1,
      "recurrenceId": "piao",
      "sourceLabel": "Fonte sintetica piao",
      "sourceType": "synthetic_fixture",
      "sourceUrl": null,
      "title": "Aggiornamento PIAO",
      "verificationStatus": "partial",
      "year": 2026,
    },
    {
      "category": "finance_budget",
      "dataLimitations": [
        "Usare solo come fixture documentale per test.",
        "Fixture sintetica senza dati ufficiali.",
      ],
      "date": "2026-04-30",
      "dateStatus": "certain",
      "month": 4,
      "recurrenceId": "rendiconto",
      "sourceLabel": "Fonte sintetica rendiconto",
      "sourceType": "synthetic_fixture",
      "sourceUrl": null,
      "title": "Rendiconto annuale",
      "verificationStatus": "verified",
      "year": 2026,
    },
    {
      "category": "social_welfare",
      "dataLimitations": [
        "Usare solo come fixture documentale per test.",
        "Fixture sintetica senza dati ufficiali.",
      ],
      "date": "2026-05-15",
      "dateStatus": "estimated",
      "month": 5,
      "recurrenceId": "bonus-affitti",
      "sourceLabel": "Fonte sintetica bonus-affitti",
      "sourceType": "synthetic_fixture",
      "sourceUrl": null,
      "title": "Fondo affitti",
      "verificationStatus": "needs_review",
      "year": 2026,
    },
    {
      "category": "environment_civil_protection",
      "dataLimitations": [
        "Usare solo come fixture documentale per test.",
        "Fixture sintetica senza dati ufficiali.",
      ],
      "date": null,
      "dateStatus": "not_detected",
      "month": 6,
      "recurrenceId": "disinfestazione",
      "sourceLabel": "Fonte sintetica disinfestazione",
      "sourceType": "synthetic_fixture",
      "sourceUrl": null,
      "title": "Programma disinfestazione",
      "verificationStatus": "not_found_in_monitored_sources",
      "year": 2026,
    },
    {
      "category": "culture_tourism_sport",
      "dataLimitations": [
        "Usare solo come fixture documentale per test.",
        "Fixture sintetica senza dati ufficiali.",
        "Data ricavata da confronto sintetico, non ufficiale.",
      ],
      "date": "2026-07-10",
      "dateStatus": "estimated",
      "month": 7,
      "recurrenceId": "estate-cittadina",
      "sourceLabel": "Fonte sintetica estate-cittadina",
      "sourceType": "synthetic_fixture",
      "sourceUrl": null,
      "title": "Programma estate cittadina",
      "verificationStatus": "estimated_from_history",
      "year": 2026,
    },
    {
      "category": "school_education",
      "dataLimitations": [
        "Usare solo come fixture documentale per test.",
        "Fixture sintetica senza dati ufficiali.",
        "Data non rilevata nelle fonti monitorate.",
      ],
      "date": null,
      "dateStatus": "not_detected",
      "month": 9,
      "recurrenceId": "libri-testo",
      "sourceLabel": "Fonte sintetica libri-testo",
      "sourceType": "synthetic_fixture",
      "sourceUrl": null,
      "title": "Avviso libri di testo",
      "verificationStatus": "not_found_in_monitored_sources",
      "year": 2026,
    },
  ],
}
`;
